node_modules/sonner/dist/index.d.ts(1,8): error TS1259: Module '"C:/Users/Lenovo/Desktop/symbosys/jan-kalyan-ngo/node_modules/@types/react/index"' can only be default-imported using the 'esModuleInterop' flag
src/app/admin/complaints/page.tsx(4,51): error TS2307: Cannot find module '@/actions/complaint' or its corresponding type declarations.
src/app/admin/complaints/page.tsx(11,8): error TS2307: Cannot find module '@/components/ui/card' or its corresponding type declarations.
src/app/admin/complaints/page.tsx(12,24): error TS2307: Cannot find module '@/components/ui/button' or its corresponding type declarations.
src/app/admin/complaints/page.tsx(28,23): error TS2307: Cannot find module '@/components/ui/input' or its corresponding type declarations.
src/app/admin/complaints/page.tsx(36,8): error TS2307: Cannot find module '@/components/ui/dialog' or its corresponding type declarations.
src/app/admin/complaints/page.tsx(42,8): error TS2307: Cannot find module '@/components/ui/dropdown-menu' or its corresponding type declarations.
src/app/admin/complaints/page.tsx(50,8): error TS2307: Cannot find module '@/components/ui/table' or its corresponding type declarations.
src/app/admin/complaints/page.tsx(53,23): error TS2307: Cannot find module '@/components/ui/badge' or its corresponding type declarations.
src/app/admin/complaints/page.tsx(54,20): error TS2307: Cannot find module '@/lib/utils' or its corresponding type declarations.
src/app/admin/complaints/page.tsx(123,9): error TS17004: Cannot use JSX unless the '--jsx' flag is provided.
src/app/admin/complaints/page.tsx(124,13): error TS17004: Cannot use JSX unless the '--jsx' flag is provided.
src/app/admin/complaints/page.tsx(125,17): error TS17004: Cannot use JSX unless the '--jsx' flag is provided.
src/app/admin/complaints/page.tsx(126,21): error TS17004: Cannot use JSX unless the '--jsx' flag is provided.
src/app/admin/complaints/page.tsx(129,21): error TS17004: Cannot use JSX unless the '--jsx' flag is provided.
src/app/admin/complaints/page.tsx(135,13): error TS17004: Cannot use JSX unless the '--jsx' flag is provided.
src/app/admin/complaints/page.tsx(136,17): error TS17004: Cannot use JSX unless the '--jsx' flag is provided.
src/app/admin/complaints/page.tsx(137,21): error TS17004: Cannot use JSX unless the '--jsx' flag is provided.
src/app/admin/complaints/page.tsx(138,25): error TS17004: Cannot use JSX unless the '--jsx' flag is provided.
src/app/admin/complaints/page.tsx(139,29): error TS17004: Cannot use JSX unless the '--jsx' flag is provided.
src/app/admin/complaints/page.tsx(140,29): error TS17004: Cannot use JSX unless the '--jsx' flag is provided.
src/app/admin/complaints/page.tsx(147,25): error TS17004: Cannot use JSX unless the '--jsx' flag is provided.
src/app/admin/complaints/page.tsx(148,29): error TS17004: Cannot use JSX unless the '--jsx' flag is provided.
src/app/admin/complaints/page.tsx(154,17): error TS17004: Cannot use JSX unless the '--jsx' flag is provided.
src/app/admin/complaints/page.tsx(156,25): error TS17004: Cannot use JSX unless the '--jsx' flag is provided.
src/app/admin/complaints/page.tsx(157,29): error TS17004: Cannot use JSX unless the '--jsx' flag is provided.
src/app/admin/complaints/page.tsx(160,25): error TS17004: Cannot use JSX unless the '--jsx' flag is provided.
src/app/admin/complaints/page.tsx(161,29): error TS17004: Cannot use JSX unless the '--jsx' flag is provided.
src/app/admin/complaints/page.tsx(162,33): error TS17004: Cannot use JSX unless the '--jsx' flag is provided.
src/app/admin/complaints/page.tsx(164,29): error TS17004: Cannot use JSX unless the '--jsx' flag is provided.
src/app/admin/complaints/page.tsx(165,29): error TS17004: Cannot use JSX unless the '--jsx' flag is provided.
src/app/admin/complaints/page.tsx(170,25): error TS17004: Cannot use JSX unless the '--jsx' flag is provided.
src/app/admin/complaints/page.tsx(171,29): error TS17004: Cannot use JSX unless the '--jsx' flag is provided.
src/app/admin/complaints/page.tsx(172,33): error TS17004: Cannot use JSX unless the '--jsx' flag is provided.
src/app/admin/complaints/page.tsx(173,37): error TS17004: Cannot use JSX unless the '--jsx' flag is provided.
src/app/admin/complaints/page.tsx(174,41): error TS17004: Cannot use JSX unless the '--jsx' flag is provided.
src/app/admin/complaints/page.tsx(175,41): error TS17004: Cannot use JSX unless the '--jsx' flag is provided.
src/app/admin/complaints/page.tsx(176,41): error TS17004: Cannot use JSX unless the '--jsx' flag is provided.
src/app/admin/complaints/page.tsx(177,41): error TS17004: Cannot use JSX unless the '--jsx' flag is provided.
src/app/admin/complaints/page.tsx(178,41): error TS17004: Cannot use JSX unless the '--jsx' flag is provided.
src/app/admin/complaints/page.tsx(179,41): error TS17004: Cannot use JSX unless the '--jsx' flag is provided.
src/app/admin/complaints/page.tsx(182,33): error TS17004: Cannot use JSX unless the '--jsx' flag is provided.
src/app/admin/complaints/page.tsx(184,41): error TS17004: Cannot use JSX unless the '--jsx' flag is provided.
src/app/admin/complaints/page.tsx(185,45): error TS17004: Cannot use JSX unless the '--jsx' flag is provided.
src/app/admin/complaints/page.tsx(186,49): error TS17004: Cannot use JSX unless the '--jsx' flag is provided.
src/app/admin/complaints/page.tsx(187,53): error TS17004: Cannot use JSX unless the '--jsx' flag is provided.
src/app/admin/complaints/page.tsx(190,53): error TS17004: Cannot use JSX unless the '--jsx' flag is provided.
src/app/admin/complaints/page.tsx(193,45): error TS17004: Cannot use JSX unless the '--jsx' flag is provided.
src/app/admin/complaints/page.tsx(194,49): error TS17004: Cannot use JSX unless the '--jsx' flag is provided.
src/app/admin/complaints/page.tsx(195,53): error TS17004: Cannot use JSX unless the '--jsx' flag is provided.
src/app/admin/complaints/page.tsx(196,57): error TS17004: Cannot use JSX unless the '--jsx' flag is provided.
src/app/admin/complaints/page.tsx(200,45): error TS17004: Cannot use JSX unless the '--jsx' flag is provided.
src/app/admin/complaints/page.tsx(201,49): error TS17004: Cannot use JSX unless the '--jsx' flag is provided.
src/app/admin/complaints/page.tsx(202,53): error TS17004: Cannot use JSX unless the '--jsx' flag is provided.
src/app/admin/complaints/page.tsx(205,45): error TS17004: Cannot use JSX unless the '--jsx' flag is provided.
src/app/admin/complaints/page.tsx(206,49): error TS17004: Cannot use JSX unless the '--jsx' flag is provided.
src/app/admin/complaints/page.tsx(210,45): error TS17004: Cannot use JSX unless the '--jsx' flag is provided.
src/app/admin/complaints/page.tsx(211,49): error TS17004: Cannot use JSX unless the '--jsx' flag is provided.
src/app/admin/complaints/page.tsx(212,53): error TS17004: Cannot use JSX unless the '--jsx' flag is provided.
src/app/admin/complaints/page.tsx(213,57): error TS17004: Cannot use JSX unless the '--jsx' flag is provided.
src/app/admin/complaints/page.tsx(215,53): error TS17004: Cannot use JSX unless the '--jsx' flag is provided.
src/app/admin/complaints/page.tsx(218,45): error TS17004: Cannot use JSX unless the '--jsx' flag is provided.
src/app/admin/complaints/page.tsx(219,49): error TS17004: Cannot use JSX unless the '--jsx' flag is provided.
src/app/admin/complaints/page.tsx(220,53): error TS17004: Cannot use JSX unless the '--jsx' flag is provided.
src/app/admin/complaints/page.tsx(226,57): error TS17004: Cannot use JSX unless the '--jsx' flag is provided.
src/app/admin/complaints/page.tsx(228,53): error TS17004: Cannot use JSX unless the '--jsx' flag is provided.
src/app/admin/complaints/page.tsx(236,61): error TS17004: Cannot use JSX unless the '--jsx' flag is provided.
src/app/admin/complaints/page.tsx(238,61): error TS17004: Cannot use JSX unless the '--jsx' flag is provided.
src/app/admin/complaints/page.tsx(253,13): error TS17004: Cannot use JSX unless the '--jsx' flag is provided.
src/app/admin/complaints/page.tsx(254,17): error TS17004: Cannot use JSX unless the '--jsx' flag is provided.
src/app/admin/complaints/page.tsx(255,21): error TS17004: Cannot use JSX unless the '--jsx' flag is provided.
src/app/admin/complaints/page.tsx(256,25): error TS17004: Cannot use JSX unless the '--jsx' flag is provided.
src/app/admin/complaints/page.tsx(257,25): error TS17004: Cannot use JSX unless the '--jsx' flag is provided.
src/app/admin/complaints/page.tsx(263,25): error TS17004: Cannot use JSX unless the '--jsx' flag is provided.
src/app/admin/complaints/page.tsx(264,29): error TS17004: Cannot use JSX unless the '--jsx' flag is provided.
src/app/admin/complaints/page.tsx(265,33): error TS17004: Cannot use JSX unless the '--jsx' flag is provided.
src/app/admin/complaints/page.tsx(266,37): error TS17004: Cannot use JSX unless the '--jsx' flag is provided.
src/app/admin/complaints/page.tsx(267,41): error TS17004: Cannot use JSX unless the '--jsx' flag is provided.
src/app/admin/complaints/page.tsx(268,45): error TS17004: Cannot use JSX unless the '--jsx' flag is provided.
src/app/admin/complaints/page.tsx(270,41): error TS17004: Cannot use JSX unless the '--jsx' flag is provided.
src/app/admin/complaints/page.tsx(271,45): error TS17004: Cannot use JSX unless the '--jsx' flag is provided.
src/app/admin/complaints/page.tsx(271,68): error TS17004: Cannot use JSX unless the '--jsx' flag is provided.
src/app/admin/complaints/page.tsx(272,45): error TS17004: Cannot use JSX unless the '--jsx' flag is provided.
src/app/admin/complaints/page.tsx(272,68): error TS17004: Cannot use JSX unless the '--jsx' flag is provided.
src/app/admin/complaints/page.tsx(273,45): error TS17004: Cannot use JSX unless the '--jsx' flag is provided.
src/app/admin/complaints/page.tsx(273,68): error TS17004: Cannot use JSX unless the '--jsx' flag is provided.
src/app/admin/complaints/page.tsx(277,37): error TS17004: Cannot use JSX unless the '--jsx' flag is provided.
src/app/admin/complaints/page.tsx(278,41): error TS17004: Cannot use JSX unless the '--jsx' flag is provided.
src/app/admin/complaints/page.tsx(279,45): error TS17004: Cannot use JSX unless the '--jsx' flag is provided.
src/app/admin/complaints/page.tsx(281,41): error TS17004: Cannot use JSX unless the '--jsx' flag is provided.
src/app/admin/complaints/page.tsx(282,45): error TS17004: Cannot use JSX unless the '--jsx' flag is provided.
src/app/admin/complaints/page.tsx(287,33): error TS17004: Cannot use JSX unless the '--jsx' flag is provided.
src/app/admin/complaints/page.tsx(288,37): error TS17004: Cannot use JSX unless the '--jsx' flag is provided.
src/app/admin/complaints/page.tsx(289,41): error TS17004: Cannot use JSX unless the '--jsx' flag is provided.
src/app/admin/complaints/page.tsx(290,45): error TS17004: Cannot use JSX unless the '--jsx' flag is provided.
src/app/admin/complaints/page.tsx(292,41): error TS17004: Cannot use JSX unless the '--jsx' flag is provided.
src/app/admin/complaints/page.tsx(293,45): error TS17004: Cannot use JSX unless the '--jsx' flag is provided.
src/app/admin/complaints/page.tsx(298,41): error TS17004: Cannot use JSX unless the '--jsx' flag is provided.
src/app/admin/complaints/page.tsx(299,45): error TS17004: Cannot use JSX unless the '--jsx' flag is provided.
src/app/admin/complaints/page.tsx(300,49): error TS17004: Cannot use JSX unless the '--jsx' flag is provided.
src/app/admin/complaints/page.tsx(302,45): error TS17004: Cannot use JSX unless the '--jsx' flag is provided.
src/app/admin/complaints/page.tsx(304,53): error TS17004: Cannot use JSX unless the '--jsx' flag is provided.
src/app/admin/complaints/page.tsx(305,57): error TS17004: Cannot use JSX unless the '--jsx' flag is provided.
src/app/admin/complaints/page.tsx(306,61): error TS17004: Cannot use JSX unless the '--jsx' flag is provided.
src/app/admin/complaints/page.tsx(311,53): error TS17004: Cannot use JSX unless the '--jsx' flag is provided.
src/app/admin/complaints/page.tsx(312,57): error TS17004: Cannot use JSX unless the '--jsx' flag is provided.
src/app/admin/complaints/page.tsx(313,61): error TS17004: Cannot use JSX unless the '--jsx' flag is provided.
src/app/admin/complaints/page.tsx(318,53): error TS17004: Cannot use JSX unless the '--jsx' flag is provided.
src/app/admin/complaints/page.tsx(319,57): error TS17004: Cannot use JSX unless the '--jsx' flag is provided.
src/app/admin/complaints/page.tsx(320,61): error TS17004: Cannot use JSX unless the '--jsx' flag is provided.
src/app/admin/complaints/page.tsx(330,29): error TS17004: Cannot use JSX unless the '--jsx' flag is provided.
src/app/admin/complaints/page.tsx(331,33): error TS17004: Cannot use JSX unless the '--jsx' flag is provided.
src/app/admin/complaints/page.tsx(332,33): error TS17004: Cannot use JSX unless the '--jsx' flag is provided.
src/app/admin/complaints/page.tsx(333,37): error TS17004: Cannot use JSX unless the '--jsx' flag is provided.
src/app/admin/complaints/page.tsx(341,21): error TS17004: Cannot use JSX unless the '--jsx' flag is provided.
src/app/admin/complaints/page.tsx(342,25): error TS17004: Cannot use JSX unless the '--jsx' flag is provided.
src/app/admin/complaints/page.tsx(345,25): error TS17004: Cannot use JSX unless the '--jsx' flag is provided.
src/app/admin/complaints/page.tsx(355,29): error TS17004: Cannot use JSX unless the '--jsx' flag is provided.
